../Core/Src/main.c:82:6:HAL_GPIO_EXTI_Callback	0	static
../Core/Src/main.c:90:6:HAL_UARTEx_RxEventCallback	16	static
../Core/Src/main.c:135:6:HAL_ADC_ConvCpltCallback	8	static,ignoring_inline_asm
../Core/Src/main.c:157:6:UART_Transmit_Proc	8	static
../Core/Src/main.c:166:6:HAL_TIM_PeriodElapsedCallback	0	static
../Core/Src/main.c:248:6:SystemClock_Config	104	static,ignoring_inline_asm
../Core/Src/main.c:180:5:main	64	static,ignoring_inline_asm
../Core/Src/main.c:604:6:Error_Handler	0	static,ignoring_inline_asm
