../Core/Src/main.c:82:6:HAL_GPIO_EXTI_Callback	16	static
../Core/Src/main.c:90:6:HAL_UARTEx_RxEventCallback	16	static
../Core/Src/main.c:135:6:HAL_ADC_ConvCpltCallback	16	static,ignoring_inline_asm
../Core/Src/main.c:159:6:UART_Transmit_Proc	16	static
../Core/Src/main.c:168:6:HAL_TIM_PeriodElapsedCallback	16	static
../Core/Src/main.c:182:5:main	8	static
../Core/Src/main.c:250:6:SystemClock_Config	96	static
../Core/Src/main.c:298:13:MX_ADC1_Init	48	static
../Core/Src/main.c:404:13:MX_I2C1_Init	8	static
../Core/Src/main.c:452:13:MX_TIM2_Init	40	static
../Core/Src/main.c:497:13:MX_USART1_UART_Init	8	static
../Core/Src/main.c:530:13:MX_DMA_Init	16	static
../Core/Src/main.c:551:13:MX_GPIO_Init	40	static
../Core/Src/main.c:606:6:Error_Handler	4	static,ignoring_inline_asm
